------------------------------------------------------------
TimeQuest Timing Analyzer Summary
------------------------------------------------------------

Type  : Slow 1100mV 85C Model Setup 'Clock'
Slack : -0.165
TNS   : -0.165

Type  : Slow 1100mV 85C Model Hold 'Clock'
Slack : 0.232
TNS   : 0.000

Type  : Slow 1100mV 85C Model Minimum Pulse Width 'Clock'
Slack : -0.394
TNS   : -3.150

Type  : Slow 1100mV 0C Model Setup 'Clock'
Slack : -0.196
TNS   : -0.278

Type  : Slow 1100mV 0C Model Hold 'Clock'
Slack : 0.213
TNS   : 0.000

Type  : Slow 1100mV 0C Model Minimum Pulse Width 'Clock'
Slack : -0.394
TNS   : -3.414

Type  : Fast 1100mV 85C Model Setup 'Clock'
Slack : 0.338
TNS   : 0.000

Type  : Fast 1100mV 85C Model Hold 'Clock'
Slack : 0.137
TNS   : 0.000

Type  : Fast 1100mV 85C Model Minimum Pulse Width 'Clock'
Slack : -0.076
TNS   : -0.454

Type  : Fast 1100mV 0C Model Setup 'Clock'
Slack : 0.360
TNS   : 0.000

Type  : Fast 1100mV 0C Model Hold 'Clock'
Slack : 0.126
TNS   : 0.000

Type  : Fast 1100mV 0C Model Minimum Pulse Width 'Clock'
Slack : -0.078
TNS   : -0.464

------------------------------------------------------------
